****************************************
Report : reference
Design : nn_top
Version: W-2024.09-SP2
Date   : Mon May 11 23:04:01 2026
****************************************

Attributes
    b - black-box (unknown)
    h - hierarchical
    n - noncombinational
    u - contains unmapped logic
    E - extracted timing model
    Q - Quick timing model (QTM)
    s - synthetic operator


Reference          Library       Unit Area   Count    Total Area   Attributes
--------------------------------------------------------------------------------
AND2X1_RVT         saed32rvt_tt       2.03    4896       9954.31   
AND2X2_RVT         saed32rvt_tt       2.29     527       1205.40   
AND2X4_RVT         saed32rvt_tt       2.80       1          2.80   
AND3X1_RVT         saed32rvt_tt       2.29     812       1857.28   
AND3X2_RVT         saed32rvt_tt       2.54     186        472.71   
AND4X1_RVT         saed32rvt_tt       2.54    5304      13479.80   
AND4X2_RVT         saed32rvt_tt       3.81     160        609.95   
AND4X4_RVT         saed32rvt_tt       4.32       1          4.32   
AO21X1_RVT         saed32rvt_tt       2.54    1082       2749.84   
AO21X2_RVT         saed32rvt_tt       2.80      52        145.37   
AO221X1_RVT        saed32rvt_tt       3.05    1966       5995.77   
AO221X2_RVT        saed32rvt_tt       3.30      63        208.14   
AO222X1_RVT        saed32rvt_tt       3.30     710       2345.75   
AO222X2_RVT        saed32rvt_tt       3.56       2          7.12   
AO22X1_RVT         saed32rvt_tt       2.54   52873     134373.56   
AO22X2_RVT         saed32rvt_tt       2.80    2295       6415.87   
AOI21X1_RVT        saed32rvt_tt       3.05      21         64.04   
AOI21X2_RVT        saed32rvt_tt       3.30       5         16.52   
AOI221X1_RVT       saed32rvt_tt       3.56       2          7.12   
AOI222X1_RVT       saed32rvt_tt       3.81      38        144.86   
AOI22X1_RVT        saed32rvt_tt       3.05     549       1674.30   
DELLN1X2_RVT       saed32rvt_tt       5.08   27825     141431.14   
DELLN2X2_RVT       saed32rvt_tt       6.61       1          6.61   
DELLN3X2_RVT       saed32rvt_tt       9.66       2         19.31   
DFFARX1_RVT        saed32rvt_tt       7.12   32858     233818.58   n
DFFARX2_RVT        saed32rvt_tt       7.62    5440      41476.30   n
DFFASX2_RVT        saed32rvt_tt       7.62       1          7.62   n
DFFX1_RVT          saed32rvt_tt       6.61     867       5728.91   n
DFFX2_RVT          saed32rvt_tt       7.12     493       3508.20   n
FADDX1_RVT         saed32rvt_tt       4.83    5700      27523.80   
FADDX2_RVT         saed32rvt_tt       5.34      61        325.56   
HADDX1_RVT         saed32rvt_tt       3.30      36        118.94   
IBUFFX16_RVT       saed32rvt_tt       6.61       1          6.61   
IBUFFX2_RVT        saed32rvt_tt       2.54      15         38.12   
IBUFFX32_RVT       saed32rvt_tt      11.69       4         46.76   
IBUFFX4_RVT        saed32rvt_tt       3.05    1690       5154.04   
INVX0_RVT          saed32rvt_tt       1.27    1619       2057.30   
INVX16_RVT         saed32rvt_tt       5.08     113        574.37   
INVX1_RVT          saed32rvt_tt       1.27    7138       9070.40   
INVX2_RVT          saed32rvt_tt       1.52     986       1503.52   
INVX32_RVT         saed32rvt_tt       9.15      29        265.33   
INVX4_RVT          saed32rvt_tt       2.03     500       1016.58   
INVX8_RVT          saed32rvt_tt       3.05    1041       3174.77   
MUX21X1_RVT        saed32rvt_tt       3.30    2707       8943.58   
MUX41X1_RVT        saed32rvt_tt       5.59      38        212.46   
MUX41X2_RVT        saed32rvt_tt       6.10       1          6.10   
NAND2X0_RVT        saed32rvt_tt       1.52    8673      13225.15   
NAND2X1_RVT        saed32rvt_tt       2.54      91        231.27   
NAND2X2_RVT        saed32rvt_tt       2.80       2          5.59   
NAND2X4_RVT        saed32rvt_tt       3.30       1          3.30   
NAND3X0_RVT        saed32rvt_tt       1.78    2955       5256.97   
NAND3X1_RVT        saed32rvt_tt       2.80     141        394.18   
NAND4X0_RVT        saed32rvt_tt       2.03   10857      22073.93   
NAND4X1_RVT        saed32rvt_tt       3.05     117        356.82   
NBUFFX16_RVT       saed32rvt_tt       6.10     632       3854.86   
NBUFFX2_RVT        saed32rvt_tt       2.03   21817      44357.28   
NBUFFX32_RVT       saed32rvt_tt      10.67      80        853.92   
NBUFFX4_RVT        saed32rvt_tt       2.54    6436      16356.71   
NBUFFX8_RVT        saed32rvt_tt       3.81    4426      16872.62   
NOR2X0_RVT         saed32rvt_tt       2.54      72        182.98   
NOR2X2_RVT         saed32rvt_tt       2.80       3          8.39   
NOR3X0_RVT         saed32rvt_tt       2.80     243        679.33   
NOR3X2_RVT         saed32rvt_tt       3.05       3          9.15   
NOR4X0_RVT         saed32rvt_tt       3.05       2          6.10   
NOR4X1_RVT         saed32rvt_tt       3.05    6453      19679.89   
OA21X1_RVT         saed32rvt_tt       2.54     523       1329.17   
OA21X2_RVT         saed32rvt_tt       2.80      72        201.28   
OA221X1_RVT        saed32rvt_tt       3.05    3721      11348.04   
OA221X2_RVT        saed32rvt_tt       3.30      57        188.32   
OA222X1_RVT        saed32rvt_tt       3.30     259        855.70   
OA222X2_RVT        saed32rvt_tt       3.56       1          3.56   
OA22X1_RVT         saed32rvt_tt       2.54     761       1934.04   
OA22X2_RVT         saed32rvt_tt       2.80     125        349.45   
OAI21X1_RVT        saed32rvt_tt       3.05     230        701.44   
OAI221X1_RVT       saed32rvt_tt       3.56      65        231.27   
OAI222X1_RVT       saed32rvt_tt       3.81       1          3.81   
OAI22X1_RVT        saed32rvt_tt       3.05      18         54.90   
OR2X1_RVT          saed32rvt_tt       2.29     426        974.39   
OR2X2_RVT          saed32rvt_tt       2.29      74        169.26   
OR3X1_RVT          saed32rvt_tt       2.54     395       1003.87   
OR3X2_RVT          saed32rvt_tt       2.54       7         17.79   
OR4X1_RVT          saed32rvt_tt       3.56      43        152.99   
OR4X2_RVT          saed32rvt_tt       3.81       1          3.81   
XOR2X1_RVT         saed32rvt_tt       4.32      99        427.72   
--------------------------------------------------------------------------------
Total 84 references                                    832128.96
1
