****************************************
Report : constraint
        -all_violators
        -max_capacitance
Design : nn_top
Version: W-2024.09-SP2
Date   : Tue May 12 11:37:56 2026
****************************************



   Mode: default Corner: default
   Scenario: default
   max_capacitance                                                             
                             Required        Actual                            
   Net                      Capacitance    Capacitance       Slack  Violation  
  ---------------------------------------------------------------------------
   n142202                      8.00          32.96         -24.96  (VIOLATED) 
     PIN : U123363/Y            8.00          32.96         -24.96  (VIOLATED) 

   n138441                     64.00          88.54         -24.54  (VIOLATED) 
     PIN : U109080/Y           64.00          88.54         -24.54  (VIOLATED) 

   n142276                      8.00          25.66         -17.66  (VIOLATED) 
     PIN : U123437/Y            8.00          25.66         -17.66  (VIOLATED) 

   n142244                      8.00          21.05         -13.05  (VIOLATED) 
     PIN : U123405/Y            8.00          21.05         -13.05  (VIOLATED) 

   n25284                       8.00          20.96         -12.96  (VIOLATED) 
     PIN : U24254/Y             8.00          20.96         -12.96  (VIOLATED) 

   n142339                      8.00          20.94         -12.94  (VIOLATED) 
     PIN : U123500/Y            8.00          20.94         -12.94  (VIOLATED) 

   n93267                       8.00          20.04         -12.04  (VIOLATED) 
     PIN : U108726/Y            8.00          20.04         -12.04  (VIOLATED) 

   n93269                       8.00          19.42         -11.42  (VIOLATED) 
     PIN : U108737/Y            8.00          19.42         -11.42  (VIOLATED) 

   n141995                      8.00          19.41         -11.41  (VIOLATED) 
     PIN : U110350/Y            8.00          19.41         -11.41  (VIOLATED) 

   n142206                      8.00          19.21         -11.21  (VIOLATED) 
     PIN : U123367/Y            8.00          19.21         -11.21  (VIOLATED) 

   eco_net_348_n142259         16.00          27.09         -11.09  (VIOLATED) 
     PIN : U_4_PTECO_DRC_BUF330/Y
                               16.00          27.09         -11.09  (VIOLATED) 

   n142234                      8.00          18.83         -10.83  (VIOLATED) 
     PIN : U123395/Y            8.00          18.83         -10.83  (VIOLATED) 

   n134310                     16.00          25.76          -9.76  (VIOLATED) 
     PIN : U77090/Y            16.00          25.76          -9.76  (VIOLATED) 

   eco_net_1826_n59567         16.00          25.68          -9.68  (VIOLATED) 
     PIN : U_4_PTECO_DRC_BUF1801/Y
                               16.00          25.68          -9.68  (VIOLATED) 

   n67614                       8.00          16.26          -8.26  (VIOLATED) 
     PIN : U67159/Y             8.00          16.26          -8.26  (VIOLATED) 

   n142326                      8.00          15.97          -7.97  (VIOLATED) 
     PIN : U123487/Y            8.00          15.97          -7.97  (VIOLATED) 

   ZBUF_516_2752               16.00          23.72          -7.72  (VIOLATED) 
     PIN : ZBUF_516_inst_17291/Y
                               16.00          23.72          -7.72  (VIOLATED) 

   n91773                       8.00          15.50          -7.50  (VIOLATED) 
     PIN : U102258/Y            8.00          15.50          -7.50  (VIOLATED) 

   n142190                      8.00          15.50          -7.50  (VIOLATED) 
     PIN : U123351/Y            8.00          15.50          -7.50  (VIOLATED) 

   n142251                      8.00          15.37          -7.37  (VIOLATED) 
     PIN : U123412/Y            8.00          15.37          -7.37  (VIOLATED) 

   n106936                      8.00          15.35          -7.35  (VIOLATED) 
     PIN : U124732/Y            8.00          15.35          -7.35  (VIOLATED) 

   n103214                      8.00          14.58          -6.58  (VIOLATED) 
     PIN : U109177/Y            8.00          14.58          -6.58  (VIOLATED) 

   n142210                      8.00          14.51          -6.51  (VIOLATED) 
     PIN : U123371/Y            8.00          14.51          -6.51  (VIOLATED) 

   n143588                      8.00          14.45          -6.45  (VIOLATED) 
     PIN : U124855/Y            8.00          14.45          -6.45  (VIOLATED) 

   n142242                      8.00          14.27          -6.27  (VIOLATED) 
     PIN : U123403/Y            8.00          14.27          -6.27  (VIOLATED) 

   n23010                       8.00          14.14          -6.14  (VIOLATED) 
     PIN : U22783/Y             8.00          14.14          -6.14  (VIOLATED) 

   n106757                     16.00          21.99          -5.99  (VIOLATED) 
     PIN : U124745/Y           16.00          21.99          -5.99  (VIOLATED) 

   n141885                      8.00          13.94          -5.94  (VIOLATED) 
     PIN : U71084/Y             8.00          13.94          -5.94  (VIOLATED) 

   n141692                      8.00          13.78          -5.78  (VIOLATED) 
     PIN : U22724/Y             8.00          13.78          -5.78  (VIOLATED) 

   n89145                       8.00          13.67          -5.67  (VIOLATED) 
     PIN : U88419/Y             8.00          13.67          -5.67  (VIOLATED) 

   ZBUF_9_3259                 16.00          21.38          -5.38  (VIOLATED) 
     PIN : ZBUF_9_inst_26029/Y
                               16.00          21.38          -5.38  (VIOLATED) 

   n142274                      8.00          13.38          -5.38  (VIOLATED) 
     PIN : U123435/Y            8.00          13.38          -5.38  (VIOLATED) 

   n142201                      8.00          13.29          -5.29  (VIOLATED) 
     PIN : U123362/Y            8.00          13.29          -5.29  (VIOLATED) 

   n76352                       8.00          13.26          -5.26  (VIOLATED) 
     PIN : U75414/Y             8.00          13.26          -5.26  (VIOLATED) 

   eco_net_154_n140014         16.00          21.23          -5.23  (VIOLATED) 
     PIN : U_4_PTECO_DRC_BUF148/Y
                               16.00          21.23          -5.23  (VIOLATED) 

   eco_net_372_n141898         16.00          21.16          -5.16  (VIOLATED) 
     PIN : U_4_PTECO_DRC_BUF1807/Y
                               16.00          21.16          -5.16  (VIOLATED) 

   n103210                      8.00          13.07          -5.07  (VIOLATED) 
     PIN : U109168/Y            8.00          13.07          -5.07  (VIOLATED) 

   eco_net_408_ZBUF_2_3107     32.00          36.92          -4.92  (VIOLATED) 
     PIN : U_4_PTECO_DRC_BUF383/Y
                               32.00          36.92          -4.92  (VIOLATED) 

   n131439                      8.00          12.78          -4.78  (VIOLATED) 
     PIN : U47784/Y             8.00          12.78          -4.78  (VIOLATED) 

   n142228                      8.00          12.65          -4.65  (VIOLATED) 
     PIN : U123389/Y            8.00          12.65          -4.65  (VIOLATED) 

   n142246                      8.00          12.64          -4.64  (VIOLATED) 
     PIN : U123407/Y            8.00          12.64          -4.64  (VIOLATED) 

   n106906                      8.00          12.56          -4.56  (VIOLATED) 
     PIN : U124657/Y            8.00          12.56          -4.56  (VIOLATED) 

   ZBUF_871_2712               64.00          68.48          -4.48  (VIOLATED) 
     PIN : ZBUF_871_inst_16916/Y
                               64.00          68.48          -4.48  (VIOLATED) 

   n142016                      8.00          12.47          -4.47  (VIOLATED) 
     PIN : U111479/Y            8.00          12.47          -4.47  (VIOLATED) 

   n124437                      8.00          12.37          -4.37  (VIOLATED) 
     PIN : U141381/Y            8.00          12.37          -4.37  (VIOLATED) 

   n137821                     16.00          20.20          -4.20  (VIOLATED) 
     PIN : U105948/Y           16.00          20.20          -4.20  (VIOLATED) 

   n33640                       8.00          12.15          -4.15  (VIOLATED) 
     PIN : U33452/Y             8.00          12.15          -4.15  (VIOLATED) 

   n110142                      8.00          12.10          -4.10  (VIOLATED) 
     PIN : U124722/Y            8.00          12.10          -4.10  (VIOLATED) 

   n142096                      8.00          11.99          -3.99  (VIOLATED) 
     PIN : U122581/Y            8.00          11.99          -3.99  (VIOLATED) 

   n142240                      8.00          11.96          -3.96  (VIOLATED) 
     PIN : U123401/Y            8.00          11.96          -3.96  (VIOLATED) 

   eco_net_600_n142020         16.00          19.87          -3.87  (VIOLATED) 
     PIN : U_4_PTECO_DRC_BUF1829/Y
                               16.00          19.87          -3.87  (VIOLATED) 

   n42649                       8.00          11.87          -3.87  (VIOLATED) 
     PIN : U42474/Y             8.00          11.87          -3.87  (VIOLATED) 

   n142334                      8.00          11.81          -3.81  (VIOLATED) 
     PIN : U123495/Y            8.00          11.81          -3.81  (VIOLATED) 

   n139298                     16.00          19.72          -3.72  (VIOLATED) 
     PIN : U115101/Y           16.00          19.72          -3.72  (VIOLATED) 

   n142268                      8.00          11.59          -3.59  (VIOLATED) 
     PIN : U123429/Y            8.00          11.59          -3.59  (VIOLATED) 

   n141691                      8.00          11.48          -3.48  (VIOLATED) 
     PIN : U22276/Y             8.00          11.48          -3.48  (VIOLATED) 

   n142071                      8.00          11.36          -3.36  (VIOLATED) 
     PIN : U122160/Y            8.00          11.36          -3.36  (VIOLATED) 

   eco_net_558_n142067         16.00          19.22          -3.22  (VIOLATED) 
     PIN : U_4_PTECO_DRC_BUF528/Y
                               16.00          19.22          -3.22  (VIOLATED) 

   n143592                      8.00          11.20          -3.20  (VIOLATED) 
     PIN : U124862/Y            8.00          11.20          -3.20  (VIOLATED) 

   n142070                      8.00          11.14          -3.14  (VIOLATED) 
     PIN : U122152/Y            8.00          11.14          -3.14  (VIOLATED) 

   n102958                      8.00          11.09          -3.09  (VIOLATED) 
     PIN : U108692/Y            8.00          11.09          -3.09  (VIOLATED) 

   eco_net_411_n142213         16.00          19.09          -3.09  (VIOLATED) 
     PIN : U_4_PTECO_DRC_BUF386/Y
                               16.00          19.09          -3.09  (VIOLATED) 

   n103010                      8.00          10.93          -2.93  (VIOLATED) 
     PIN : U108809/Y            8.00          10.93          -2.93  (VIOLATED) 

   n142235                      8.00          10.76          -2.76  (VIOLATED) 
     PIN : U123396/Y            8.00          10.76          -2.76  (VIOLATED) 

   ZBUF_2_573                  16.00          18.69          -2.69  (VIOLATED) 
     PIN : ZBUF_2_inst_4391/Y
                               16.00          18.69          -2.69  (VIOLATED) 

   eco_net_248_n134083         16.00          18.65          -2.65  (VIOLATED) 
     PIN : U_4_PTECO_DRC_BUF234/Y
                               16.00          18.65          -2.65  (VIOLATED) 

   eco_net_273_n142227         16.00          18.53          -2.53  (VIOLATED) 
     PIN : U_4_PTECO_DRC_BUF258/Y
                               16.00          18.53          -2.53  (VIOLATED) 

   eco_net_321_n142233         16.00          18.51          -2.51  (VIOLATED) 
     PIN : U_4_PTECO_DRC_BUF304/Y
                               16.00          18.51          -2.51  (VIOLATED) 

   ZBUF_195_3425               16.00          18.37          -2.37  (VIOLATED) 
     PIN : ZBUF_195_inst_29317/Y
                               16.00          18.37          -2.37  (VIOLATED) 

   n142044                      8.00          10.29          -2.29  (VIOLATED) 
     PIN : U117592/Y            8.00          10.29          -2.29  (VIOLATED) 

   n119370                      8.00          10.27          -2.27  (VIOLATED) 
     PIN : U137460/Y            8.00          10.27          -2.27  (VIOLATED) 

   n58768                       8.00          10.27          -2.27  (VIOLATED) 
     PIN : U58197/Y             8.00          10.27          -2.27  (VIOLATED) 

   n129055                     64.00          66.21          -2.21  (VIOLATED) 
     PIN : U22632/Y            64.00          66.21          -2.21  (VIOLATED) 

   eco_net_1090_ZBUF_282_2975
                               32.00          34.21          -2.21  (VIOLATED) 
     PIN : U_4_PTECO_DRC_BUF1057/Y
                               32.00          34.21          -2.21  (VIOLATED) 

   n142530                      8.00          10.20          -2.20  (VIOLATED) 
     PIN : U123691/Y            8.00          10.20          -2.20  (VIOLATED) 

   n142011                      8.00          10.15          -2.15  (VIOLATED) 
     PIN : U111422/Y            8.00          10.15          -2.15  (VIOLATED) 

   n20741                       8.00          10.15          -2.15  (VIOLATED) 
     PIN : U19911/Y             8.00          10.15          -2.15  (VIOLATED) 

   n110196                      8.00          10.03          -2.03  (VIOLATED) 
     PIN : U124886/Y            8.00          10.03          -2.03  (VIOLATED) 

   n8718                        8.00          10.02          -2.02  (VIOLATED) 
     PIN : U152507/Y            8.00          10.02          -2.02  (VIOLATED) 

   n142341                      8.00           9.96          -1.96  (VIOLATED) 
     PIN : U123502/Y            8.00           9.96          -1.96  (VIOLATED) 

   n135504                     32.00          33.94          -1.94  (VIOLATED) 
     PIN : U89070/Y            32.00          33.94          -1.94  (VIOLATED) 

   n142207                      8.00           9.93          -1.93  (VIOLATED) 
     PIN : U123368/Y            8.00           9.93          -1.93  (VIOLATED) 

   ZBUF_5186_3066              16.00          17.87          -1.87  (VIOLATED) 
     PIN : ZBUF_5186_inst_22129/Y
                               16.00          17.87          -1.87  (VIOLATED) 

   ZBUF_881_1724               64.00          65.79          -1.79  (VIOLATED) 
     PIN : ZBUF_881_inst_10938/Y
                               64.00          65.79          -1.79  (VIOLATED) 

   n25227                       8.00           9.73          -1.73  (VIOLATED) 
     PIN : U24210/Y             8.00           9.73          -1.73  (VIOLATED) 

   n142245                      8.00           9.69          -1.69  (VIOLATED) 
     PIN : U123406/Y            8.00           9.69          -1.69  (VIOLATED) 

   n142033                      8.00           9.68          -1.68  (VIOLATED) 
     PIN : U111606/Y            8.00           9.68          -1.68  (VIOLATED) 

   eco_net_356_n61883          16.00          17.67          -1.67  (VIOLATED) 
     PIN : U_4_PTECO_DRC_BUF1799/Y
                               16.00          17.67          -1.67  (VIOLATED) 

   n41196                       8.00           9.64          -1.64  (VIOLATED) 
     PIN : U40657/Y             8.00           9.64          -1.64  (VIOLATED) 

   n92755                       8.00           9.63          -1.63  (VIOLATED) 
     PIN : U88317/Y             8.00           9.63          -1.63  (VIOLATED) 

   n103062                      8.00           9.61          -1.61  (VIOLATED) 
     PIN : U108903/Y            8.00           9.61          -1.61  (VIOLATED) 

   eco_net_1383_ZBUF_1238_2931
                               16.00          17.59          -1.59  (VIOLATED) 
     PIN : U_4_PTECO_DRC_BUF1348/Y
                               16.00          17.59          -1.59  (VIOLATED) 

   ZBUF_1231_2067              32.00          33.57          -1.57  (VIOLATED) 
     PIN : ZBUF_1231_inst_13465/Y
                               32.00          33.57          -1.57  (VIOLATED) 

   n136992                     32.00          33.55          -1.55  (VIOLATED) 
     PIN : U99998/Y            32.00          33.55          -1.55  (VIOLATED) 

   n42003                       8.00           9.55          -1.55  (VIOLATED) 
     PIN : U41636/Y             8.00           9.55          -1.55  (VIOLATED) 

   n68360                       8.00           9.52          -1.52  (VIOLATED) 
     PIN : U67009/Y             8.00           9.52          -1.52  (VIOLATED) 

   n142019                      8.00           9.48          -1.48  (VIOLATED) 
     PIN : U111506/Y            8.00           9.48          -1.48  (VIOLATED) 

   n134083                     16.00          17.46          -1.46  (VIOLATED) 
     PIN : U74843/Y            16.00          17.46          -1.46  (VIOLATED) 

   n142164                      8.00           9.38          -1.38  (VIOLATED) 
     PIN : U123325/Y            8.00           9.38          -1.38  (VIOLATED) 

   n106916                      8.00           9.36          -1.36  (VIOLATED) 
     PIN : U124685/Y            8.00           9.36          -1.36  (VIOLATED) 

   n103064                      8.00           9.31          -1.31  (VIOLATED) 
     PIN : U108907/Y            8.00           9.31          -1.31  (VIOLATED) 

   n22132                       8.00           9.31          -1.31  (VIOLATED) 
     PIN : U22322/Y             8.00           9.31          -1.31  (VIOLATED) 

   ZBUF_183_2870               32.00          33.26          -1.26  (VIOLATED) 
     PIN : ZBUF_183_inst_18254/Y
                               32.00          33.26          -1.26  (VIOLATED) 

   n140014                      8.00           9.26          -1.26  (VIOLATED) 
     PIN : U118936/Y            8.00           9.26          -1.26  (VIOLATED) 

   n95527                       8.00           9.24          -1.24  (VIOLATED) 
     PIN : U111348/Y            8.00           9.24          -1.24  (VIOLATED) 

   n136388                      8.00           9.20          -1.20  (VIOLATED) 
     PIN : U95569/Y             8.00           9.20          -1.20  (VIOLATED) 

   n67896                       8.00           9.19          -1.19  (VIOLATED) 
     PIN : U67349/Y             8.00           9.19          -1.19  (VIOLATED) 

   n143235                      8.00           9.14          -1.14  (VIOLATED) 
     PIN : U124396/Y            8.00           9.14          -1.14  (VIOLATED) 

   n142227                      8.00           9.10          -1.10  (VIOLATED) 
     PIN : U123388/Y            8.00           9.10          -1.10  (VIOLATED) 

   n44574                       8.00           9.09          -1.09  (VIOLATED) 
     PIN : U44254/Y             8.00           9.09          -1.09  (VIOLATED) 

   ZBUF_32_2034                32.00          33.07          -1.07  (VIOLATED) 
     PIN : ZBUF_32_inst_12691/Y
                               32.00          33.07          -1.07  (VIOLATED) 

   n128990                     32.00          33.07          -1.07  (VIOLATED) 
     PIN : U22015/Y            32.00          33.07          -1.07  (VIOLATED) 

   n93268                      16.00          17.06          -1.06  (VIOLATED) 
     PIN : U108732/Y           16.00          17.06          -1.06  (VIOLATED) 

   n93271                      16.00          17.04          -1.04  (VIOLATED) 
     PIN : U108750/Y           16.00          17.04          -1.04  (VIOLATED) 

   n142166                      8.00           9.02          -1.02  (VIOLATED) 
     PIN : U123327/Y            8.00           9.02          -1.02  (VIOLATED) 

   u_input_fifo/n13694          8.00           9.02          -1.02  (VIOLATED) 
     PIN : U102572/Y            8.00           9.02          -1.02  (VIOLATED) 

   n141994                      8.00           8.99          -0.99  (VIOLATED) 
     PIN : U110343/Y            8.00           8.99          -0.99  (VIOLATED) 

   n104686                      8.00           8.98          -0.98  (VIOLATED) 
     PIN : U120473/Y            8.00           8.98          -0.98  (VIOLATED) 

   n141931                     16.00          16.97          -0.97  (VIOLATED) 
     PIN : U87400/Y            16.00          16.97          -0.97  (VIOLATED) 

   eco_net_1850_ZBUF_468_2753
                               16.00          16.97          -0.97  (VIOLATED) 
     PIN : U_4_PTECO_DRC_BUF1853/Y
                               16.00          16.97          -0.97  (VIOLATED) 

   n91841                       8.00           8.96          -0.96  (VIOLATED) 
     PIN : U102256/Y            8.00           8.96          -0.96  (VIOLATED) 

   n103172                      8.00           8.94          -0.94  (VIOLATED) 
     PIN : U109105/Y            8.00           8.94          -0.94  (VIOLATED) 

   n41988                       8.00           8.93          -0.93  (VIOLATED) 
     PIN : U41647/Y             8.00           8.93          -0.93  (VIOLATED) 

   eco_net_1680_gen_mac_lanes[27].u_lane/u_mac/weight_r[15]
                               16.00          16.92          -0.92  (VIOLATED) 
     PIN : U_4_PTECO_DRC_BUF1644/Y
                               16.00          16.92          -0.92  (VIOLATED) 

   n101184                      8.00           8.92          -0.92  (VIOLATED) 
     PIN : U117096/Y            8.00           8.92          -0.92  (VIOLATED) 

   n103100                      8.00           8.91          -0.91  (VIOLATED) 
     PIN : U108973/Y            8.00           8.91          -0.91  (VIOLATED) 

   n93270                       8.00           8.90          -0.90  (VIOLATED) 
     PIN : U108744/Y            8.00           8.90          -0.90  (VIOLATED) 

   n103088                      8.00           8.89          -0.89  (VIOLATED) 
     PIN : U108954/Y            8.00           8.89          -0.89  (VIOLATED) 

   eco_net_488_n42023          16.00          16.88          -0.88  (VIOLATED) 
     PIN : U_4_PTECO_DRC_BUF460/Y
                               16.00          16.88          -0.88  (VIOLATED) 

   n97106                       8.00           8.88          -0.88  (VIOLATED) 
     PIN : U113128/Y            8.00           8.88          -0.88  (VIOLATED) 

   eco_net_247_ZBUF_5_2057     32.00          32.87          -0.87  (VIOLATED) 
     PIN : U_4_PTECO_DRC_BUF233/Y
                               32.00          32.87          -0.87  (VIOLATED) 

   eco_net_469_n138373         16.00          16.87          -0.87  (VIOLATED) 
     PIN : U_4_PTECO_DRC_BUF441/Y
                               16.00          16.87          -0.87  (VIOLATED) 

   n103230                      8.00           8.86          -0.86  (VIOLATED) 
     PIN : U109205/Y            8.00           8.86          -0.86  (VIOLATED) 

   eco_net_846_n42185          16.00          16.86          -0.86  (VIOLATED) 
     PIN : U_4_PTECO_DRC_BUF813/Y
                               16.00          16.86          -0.86  (VIOLATED) 

   n42158                       8.00           8.83          -0.83  (VIOLATED) 
     PIN : U41719/Y             8.00           8.83          -0.83  (VIOLATED) 

   eco_net_156_ZBUF_86_2997    32.00          32.81          -0.81  (VIOLATED) 
     PIN : U_4_PTECO_DRC_BUF149/Y
                               32.00          32.81          -0.81  (VIOLATED) 

   n134063                     16.00          16.81          -0.81  (VIOLATED) 
     PIN : U74657/Y            16.00          16.81          -0.81  (VIOLATED) 

   n42074                       8.00           8.80          -0.80  (VIOLATED) 
     PIN : U41681/Y             8.00           8.80          -0.80  (VIOLATED) 

   eco_net_1878_ZBUF_2_1315    16.00          16.80          -0.80  (VIOLATED) 
     PIN : U_4_PTECO_DRC_BUF1881/Y
                               16.00          16.80          -0.80  (VIOLATED) 

   eco_net_1836_ZBUF_1406_3071
                               16.00          16.78          -0.78  (VIOLATED) 
     PIN : U_4_PTECO_DRC_BUF1839/Y
                               16.00          16.78          -0.78  (VIOLATED) 

   n93870                       8.00           8.77          -0.77  (VIOLATED) 
     PIN : U109898/Y            8.00           8.77          -0.77  (VIOLATED) 

   n142165                      8.00           8.76          -0.76  (VIOLATED) 
     PIN : U123326/Y            8.00           8.76          -0.76  (VIOLATED) 

   n132733                     16.00          16.74          -0.74  (VIOLATED) 
     PIN : U61532/Y            16.00          16.74          -0.74  (VIOLATED) 

   eco_net_1839_ZBUF_2_2528    16.00          16.73          -0.73  (VIOLATED) 
     PIN : U_4_PTECO_DRC_BUF1842/Y
                               16.00          16.73          -0.73  (VIOLATED) 

   n142233                      8.00           8.72          -0.72  (VIOLATED) 
     PIN : U123394/Y            8.00           8.72          -0.72  (VIOLATED) 

   n104886                      8.00           8.71          -0.71  (VIOLATED) 
     PIN : U120668/Y            8.00           8.71          -0.71  (VIOLATED) 

   ZBUF_129_3333               16.00          16.70          -0.70  (VIOLATED) 
     PIN : ZBUF_129_inst_27657/Y
                               16.00          16.70          -0.70  (VIOLATED) 

   n38408                       8.00           8.70          -0.70  (VIOLATED) 
     PIN : U37063/Y             8.00           8.70          -0.70  (VIOLATED) 

   n142003                      8.00           8.70          -0.70  (VIOLATED) 
     PIN : U110419/Y            8.00           8.70          -0.70  (VIOLATED) 

   n111970                      8.00           8.69          -0.69  (VIOLATED) 
     PIN : U130306/Y            8.00           8.69          -0.69  (VIOLATED) 

   n103228                      8.00           8.68          -0.68  (VIOLATED) 
     PIN : U109200/Y            8.00           8.68          -0.68  (VIOLATED) 

   n141936                      8.00           8.67          -0.67  (VIOLATED) 
     PIN : U99781/Y             8.00           8.67          -0.67  (VIOLATED) 

   n93261                       8.00           8.67          -0.67  (VIOLATED) 
     PIN : U108713/Y            8.00           8.67          -0.67  (VIOLATED) 

   n92915                       8.00           8.65          -0.65  (VIOLATED) 
     PIN : U104188/Y            8.00           8.65          -0.65  (VIOLATED) 

   n97087                       8.00           8.65          -0.65  (VIOLATED) 
     PIN : U113102/Y            8.00           8.65          -0.65  (VIOLATED) 

   eco_net_1873_ZBUF_448_927
                               16.00          16.64          -0.64  (VIOLATED) 
     PIN : U_4_PTECO_DRC_BUF1876/Y
                               16.00          16.64          -0.64  (VIOLATED) 

   ZBUF_32_152                 32.00          32.64          -0.64  (VIOLATED) 
     PIN : ZBUF_32_inst_3585/Y
                               32.00          32.64          -0.64  (VIOLATED) 

   n115220                      8.00           8.64          -0.64  (VIOLATED) 
     PIN : U133565/Y            8.00           8.64          -0.64  (VIOLATED) 

   ZBUF_948_1158               64.00          64.64          -0.64  (VIOLATED) 
     PIN : ZBUF_948_inst_7698/Y
                               64.00          64.64          -0.64  (VIOLATED) 

   n103086                      8.00           8.63          -0.63  (VIOLATED) 
     PIN : U108950/Y            8.00           8.63          -0.63  (VIOLATED) 

   n103817                      8.00           8.63          -0.63  (VIOLATED) 
     PIN : U119595/Y            8.00           8.63          -0.63  (VIOLATED) 

   eco_net_171_n131439         16.00          16.62          -0.62  (VIOLATED) 
     PIN : U_4_PTECO_DRC_BUF162/Y
                               16.00          16.62          -0.62  (VIOLATED) 

   n46739                       8.00           8.58          -0.58  (VIOLATED) 
     PIN : U46468/Y             8.00           8.58          -0.58  (VIOLATED) 

   n22700                       8.00           8.55          -0.55  (VIOLATED) 
     PIN : U22972/Y             8.00           8.55          -0.55  (VIOLATED) 

   n128634                     16.00          16.55          -0.55  (VIOLATED) 
     PIN : U19687/Y            16.00          16.55          -0.55  (VIOLATED) 

   n94741                       8.00           8.54          -0.54  (VIOLATED) 
     PIN : U110640/Y            8.00           8.54          -0.54  (VIOLATED) 

   ZBUF_824_3441               16.00          16.53          -0.53  (VIOLATED) 
     PIN : ZBUF_824_inst_29950/Y
                               16.00          16.53          -0.53  (VIOLATED) 

   n136695                     64.00          64.52          -0.52  (VIOLATED) 
     PIN : U97918/Y            64.00          64.52          -0.52  (VIOLATED) 

   n110185                      8.00           8.50          -0.50  (VIOLATED) 
     PIN : U124853/Y            8.00           8.50          -0.50  (VIOLATED) 

   eco_net_1190_n125390        16.00          16.49          -0.49  (VIOLATED) 
     PIN : U_4_PTECO_DRC_BUF1157/Y
                               16.00          16.49          -0.49  (VIOLATED) 

   n57481                       8.00           8.49          -0.49  (VIOLATED) 
     PIN : U57120/Y             8.00           8.49          -0.49  (VIOLATED) 

   n94816                       8.00           8.48          -0.48  (VIOLATED) 
     PIN : U110720/Y            8.00           8.48          -0.48  (VIOLATED) 

   n110300                      8.00           8.47          -0.47  (VIOLATED) 
     PIN : U125188/Y            8.00           8.47          -0.47  (VIOLATED) 

   n113575                      8.00           8.46          -0.46  (VIOLATED) 
     PIN : U132038/Y            8.00           8.46          -0.46  (VIOLATED) 

   eco_net_388_n62459          16.00          16.45          -0.45  (VIOLATED) 
     PIN : U_4_PTECO_DRC_BUF363/Y
                               16.00          16.45          -0.45  (VIOLATED) 

   eco_net_462_ZBUF_94_1621    16.00          16.44          -0.44  (VIOLATED) 
     PIN : U_4_PTECO_DRC_BUF434/Y
                               16.00          16.44          -0.44  (VIOLATED) 

   n106939                     16.00          16.44          -0.44  (VIOLATED) 
     PIN : U124737/Y           16.00          16.44          -0.44  (VIOLATED) 

   eco_net_1847_ZBUF_3103_2030
                               16.00          16.43          -0.43  (VIOLATED) 
     PIN : U_4_PTECO_DRC_BUF1850/Y
                               16.00          16.43          -0.43  (VIOLATED) 

   n142038                      8.00           8.43          -0.43  (VIOLATED) 
     PIN : U117505/Y            8.00           8.43          -0.43  (VIOLATED) 

   ZBUF_2_574                  16.00          16.41          -0.41  (VIOLATED) 
     PIN : ZBUF_2_inst_4392/Y
                               16.00          16.41          -0.41  (VIOLATED) 

   eco_net_1842_ZBUF_4119_1069
                               16.00          16.41          -0.41  (VIOLATED) 
     PIN : U_4_PTECO_DRC_BUF1845/Y
                               16.00          16.41          -0.41  (VIOLATED) 

   n68367                       8.00           8.41          -0.41  (VIOLATED) 
     PIN : U67117/Y             8.00           8.41          -0.41  (VIOLATED) 

   ZBUF_2_83                   16.00          16.40          -0.40  (VIOLATED) 
     PIN : ZBUF_2_inst_2231/Y
                               16.00          16.40          -0.40  (VIOLATED) 

   n59779                       8.00           8.39          -0.39  (VIOLATED) 
     PIN : U58236/Y             8.00           8.39          -0.39  (VIOLATED) 

   n39942                       8.00           8.37          -0.37  (VIOLATED) 
     PIN : U39628/Y             8.00           8.37          -0.37  (VIOLATED) 

   n39692                       8.00           8.36          -0.36  (VIOLATED) 
     PIN : U39632/Y             8.00           8.36          -0.36  (VIOLATED) 

   eco_net_216_n142530         16.00          16.36          -0.36  (VIOLATED) 
     PIN : U_4_PTECO_DRC_BUF205/Y
                               16.00          16.36          -0.36  (VIOLATED) 

   n42232                       8.00           8.36          -0.36  (VIOLATED) 
     PIN : U41697/Y             8.00           8.36          -0.36  (VIOLATED) 

   n103066                      8.00           8.36          -0.36  (VIOLATED) 
     PIN : U108912/Y            8.00           8.36          -0.36  (VIOLATED) 

   ZBUF_303_2541               16.00          16.35          -0.35  (VIOLATED) 
     PIN : ZBUF_303_inst_15624/Y
                               16.00          16.35          -0.35  (VIOLATED) 

   eco_net_1024_ZBUF_475_1126
                               16.00          16.35          -0.35  (VIOLATED) 
     PIN : U_4_PTECO_DRC_BUF991/Y
                               16.00          16.35          -0.35  (VIOLATED) 

   n103226                      8.00           8.34          -0.34  (VIOLATED) 
     PIN : U109196/Y            8.00           8.34          -0.34  (VIOLATED) 

   n26328                       8.00           8.33          -0.33  (VIOLATED) 
     PIN : U26353/Y             8.00           8.33          -0.33  (VIOLATED) 

   n42695                       8.00           8.33          -0.33  (VIOLATED) 
     PIN : U42518/Y             8.00           8.33          -0.33  (VIOLATED) 

   n135447                     16.00          16.33          -0.33  (VIOLATED) 
     PIN : U88779/Y            16.00          16.33          -0.33  (VIOLATED) 

   eco_net_1876_ZBUF_339_1084
                               16.00          16.31          -0.31  (VIOLATED) 
     PIN : U_4_PTECO_DRC_BUF1879/Y
                               16.00          16.31          -0.31  (VIOLATED) 

   eco_net_1833_ZBUF_525_70    16.00          16.31          -0.31  (VIOLATED) 
     PIN : U_4_PTECO_DRC_BUF1836/Y
                               16.00          16.31          -0.31  (VIOLATED) 

   eco_net_351_n61885          16.00          16.31          -0.31  (VIOLATED) 
     PIN : U_4_PTECO_DRC_BUF1798/Y
                               16.00          16.31          -0.31  (VIOLATED) 

   ZBUF_2_2762                 16.00          16.30          -0.30  (VIOLATED) 
     PIN : ZBUF_2_inst_17752/Y
                               16.00          16.30          -0.30  (VIOLATED) 

   eco_net_1843_ZBUF_497_2036
                               16.00          16.29          -0.29  (VIOLATED) 
     PIN : U_4_PTECO_DRC_BUF1846/Y
                               16.00          16.29          -0.29  (VIOLATED) 

   eco_net_1871_ZBUF_639_2925
                               16.00          16.29          -0.29  (VIOLATED) 
     PIN : U_4_PTECO_DRC_BUF1874/Y
                               16.00          16.29          -0.29  (VIOLATED) 

   n129231                     16.00          16.28          -0.28  (VIOLATED) 
     PIN : U24567/Y            16.00          16.28          -0.28  (VIOLATED) 

   n111166                      8.00           8.25          -0.25  (VIOLATED) 
     PIN : U129619/Y            8.00           8.25          -0.25  (VIOLATED) 

   n132869                      8.00           8.24          -0.24  (VIOLATED) 
     PIN : U62554/Y             8.00           8.24          -0.24  (VIOLATED) 

   eco_net_1841_ZBUF_2321_1608
                               16.00          16.24          -0.24  (VIOLATED) 
     PIN : U_4_PTECO_DRC_BUF1844/Y
                               16.00          16.24          -0.24  (VIOLATED) 

   eco_net_1838_ZBUF_584_1645
                               16.00          16.23          -0.23  (VIOLATED) 
     PIN : U_4_PTECO_DRC_BUF1841/Y
                               16.00          16.23          -0.23  (VIOLATED) 

   eco_net_297_ZBUF_219_3372
                               16.00          16.23          -0.23  (VIOLATED) 
     PIN : U_4_PTECO_DRC_BUF281/Y
                               16.00          16.23          -0.23  (VIOLATED) 

   n89401                       8.00           8.23          -0.23  (VIOLATED) 
     PIN : U89738/Y             8.00           8.23          -0.23  (VIOLATED) 

   ZBUF_2_569                  16.00          16.23          -0.23  (VIOLATED) 
     PIN : ZBUF_2_inst_4387/Y
                               16.00          16.23          -0.23  (VIOLATED) 

   n93272                       8.00           8.22          -0.22  (VIOLATED) 
     PIN : U108757/Y            8.00           8.22          -0.22  (VIOLATED) 

   eco_net_1505_ZBUF_821_3420
                               16.00          16.21          -0.21  (VIOLATED) 
     PIN : U_4_PTECO_DRC_BUF1470/Y
                               16.00          16.21          -0.21  (VIOLATED) 

   n42588                       8.00           8.21          -0.21  (VIOLATED) 
     PIN : U42202/Y             8.00           8.21          -0.21  (VIOLATED) 

   n132756                     32.00          32.21          -0.21  (VIOLATED) 
     PIN : U61694/Y            32.00          32.21          -0.21  (VIOLATED) 

   n132751                     64.00          64.21          -0.21  (VIOLATED) 
     PIN : U61641/Y            64.00          64.21          -0.21  (VIOLATED) 

   n20558                       8.00           8.21          -0.21  (VIOLATED) 
     PIN : U20831/Y             8.00           8.21          -0.21  (VIOLATED) 

   n143127                      8.00           8.20          -0.20  (VIOLATED) 
     PIN : U124288/Y            8.00           8.20          -0.20  (VIOLATED) 

   n136485                     64.00          64.20          -0.20  (VIOLATED) 
     PIN : U96305/Y            64.00          64.20          -0.20  (VIOLATED) 

   n135432                     16.00          16.19          -0.19  (VIOLATED) 
     PIN : U88716/Y            16.00          16.19          -0.19  (VIOLATED) 

   eco_net_1872_ZBUF_1213_3000
                               16.00          16.19          -0.19  (VIOLATED) 
     PIN : U_4_PTECO_DRC_BUF1875/Y
                               16.00          16.19          -0.19  (VIOLATED) 

   eco_net_1844_ZBUF_1653_93
                               16.00          16.16          -0.16  (VIOLATED) 
     PIN : U_4_PTECO_DRC_BUF1847/Y
                               16.00          16.16          -0.16  (VIOLATED) 

   n135560                     32.00          32.15          -0.15  (VIOLATED) 
     PIN : U89627/Y            32.00          32.15          -0.15  (VIOLATED) 

   eco_net_283_ZBUF_28_3076    16.00          16.15          -0.15  (VIOLATED) 
     PIN : U_4_PTECO_DRC_BUF268/Y
                               16.00          16.15          -0.15  (VIOLATED) 

   n93830                       8.00           8.14          -0.14  (VIOLATED) 
     PIN : U109856/Y            8.00           8.14          -0.14  (VIOLATED) 

   ZBUF_258_1060               32.00          32.14          -0.14  (VIOLATED) 
     PIN : ZBUF_258_inst_6202/Y
                               32.00          32.14          -0.14  (VIOLATED) 

   n56689                       8.00           8.13          -0.13  (VIOLATED) 
     PIN : U56265/Y             8.00           8.13          -0.13  (VIOLATED) 

   eco_net_551_n42054          16.00          16.13          -0.13  (VIOLATED) 
     PIN : U_4_PTECO_DRC_BUF521/Y
                               16.00          16.13          -0.13  (VIOLATED) 

   n87957                       8.00           8.13          -0.13  (VIOLATED) 
     PIN : U86913/Y             8.00           8.13          -0.13  (VIOLATED) 

   n103170                      8.00           8.12          -0.12  (VIOLATED) 
     PIN : U109101/Y            8.00           8.12          -0.12  (VIOLATED) 

   eco_net_1851_ZBUF_139_2920
                               16.00          16.12          -0.12  (VIOLATED) 
     PIN : U_4_PTECO_DRC_BUF1854/Y
                               16.00          16.12          -0.12  (VIOLATED) 

   eco_net_1012_ZBUF_680_3151
                               16.00          16.12          -0.12  (VIOLATED) 
     PIN : U_4_PTECO_DRC_BUF979/Y
                               16.00          16.12          -0.12  (VIOLATED) 

   n78911                       8.00           8.11          -0.11  (VIOLATED) 
     PIN : U78109/Y             8.00           8.11          -0.11  (VIOLATED) 

   eco_net_1254_n82750         16.00          16.11          -0.11  (VIOLATED) 
     PIN : U_4_PTECO_DRC_BUF1221/Y
                               16.00          16.11          -0.11  (VIOLATED) 

   n43862                       8.00           8.11          -0.11  (VIOLATED) 
     PIN : U43681/Y             8.00           8.11          -0.11  (VIOLATED) 

   eco_net_335_n142019         16.00          16.10          -0.10  (VIOLATED) 
     PIN : U_4_PTECO_DRC_BUF317/Y
                               16.00          16.10          -0.10  (VIOLATED) 

   n67764                       8.00           8.10          -0.10  (VIOLATED) 
     PIN : U67123/Y             8.00           8.10          -0.10  (VIOLATED) 

   n143551                     16.00          16.09          -0.09  (VIOLATED) 
     PIN : U124799/Y           16.00          16.09          -0.09  (VIOLATED) 

   n136893                     16.00          16.08          -0.08  (VIOLATED) 
     PIN : U99147/Y            16.00          16.08          -0.08  (VIOLATED) 

   n23169                       8.00           8.08          -0.08  (VIOLATED) 
     PIN : U22079/Y             8.00           8.08          -0.08  (VIOLATED) 

   n106395                      8.00           8.08          -0.08  (VIOLATED) 
     PIN : U121948/Y            8.00           8.08          -0.08  (VIOLATED) 

   n38396                       8.00           8.08          -0.08  (VIOLATED) 
     PIN : U38261/Y             8.00           8.08          -0.08  (VIOLATED) 

   n141986                     64.00          64.08          -0.08  (VIOLATED) 
     PIN : U103012/Y           64.00          64.08          -0.08  (VIOLATED) 

   n107885                      8.00           8.07          -0.07  (VIOLATED) 
     PIN : U126216/Y            8.00           8.07          -0.07  (VIOLATED) 

   n29543                       8.00           8.06          -0.06  (VIOLATED) 
     PIN : U29066/Y             8.00           8.06          -0.06  (VIOLATED) 

   n138197                     64.00          64.06          -0.06  (VIOLATED) 
     PIN : U108689/Y           64.00          64.06          -0.06  (VIOLATED) 

   n26470                       8.00           8.06          -0.06  (VIOLATED) 
     PIN : U26257/Y             8.00           8.06          -0.06  (VIOLATED) 

   n142447                     16.00          16.05          -0.05  (VIOLATED) 
     PIN : U123608/Y           16.00          16.05          -0.05  (VIOLATED) 

   u_input_fifo/n13700          8.00           8.05          -0.05  (VIOLATED) 
     PIN : U102578/Y            8.00           8.05          -0.05  (VIOLATED) 

   n138672                     16.00          16.05          -0.05  (VIOLATED) 
     PIN : U110399/Y           16.00          16.05          -0.05  (VIOLATED) 

   n103216                      8.00           8.05          -0.05  (VIOLATED) 
     PIN : U109181/Y            8.00           8.05          -0.05  (VIOLATED) 

   n45325                       8.00           8.05          -0.05  (VIOLATED) 
     PIN : U44803/Y             8.00           8.05          -0.05  (VIOLATED) 

   n85976                       8.00           8.05          -0.05  (VIOLATED) 
     PIN : U83984/Y             8.00           8.05          -0.05  (VIOLATED) 

   n123511                      8.00           8.04          -0.04  (VIOLATED) 
     PIN : U152404/Y            8.00           8.04          -0.04  (VIOLATED) 

   n72068                       8.00           8.03          -0.03  (VIOLATED) 
     PIN : U70890/Y             8.00           8.03          -0.03  (VIOLATED) 

   ZBUF_137_3440               16.00          16.03          -0.03  (VIOLATED) 
     PIN : ZBUF_137_inst_29853/Y
                               16.00          16.03          -0.03  (VIOLATED) 

   n105500                      8.00           8.03          -0.03  (VIOLATED) 
     PIN : U121161/Y            8.00           8.03          -0.03  (VIOLATED) 

   n135304                     16.00          16.03          -0.03  (VIOLATED) 
     PIN : U88232/Y            16.00          16.03          -0.03  (VIOLATED) 

   ZBUF_99_2937                16.00          16.03          -0.03  (VIOLATED) 
     PIN : ZBUF_99_inst_19706/Y
                               16.00          16.03          -0.03  (VIOLATED) 

   n24186                       8.00           8.02          -0.02  (VIOLATED) 
     PIN : U24190/Y             8.00           8.02          -0.02  (VIOLATED) 

   n41812                       8.00           8.02          -0.02  (VIOLATED) 
     PIN : U41736/Y             8.00           8.02          -0.02  (VIOLATED) 

   n86403                       8.00           8.02          -0.02  (VIOLATED) 
     PIN : U85323/Y             8.00           8.02          -0.02  (VIOLATED) 

   n142250                      8.00           8.02          -0.02  (VIOLATED) 
     PIN : U123411/Y            8.00           8.02          -0.02  (VIOLATED) 

   mac_outs_latched[6][4]      16.00          16.01          -0.01  (VIOLATED) 
     PIN : mac_outs_latched_reg[6][4]/Q
                               16.00          16.01          -0.01  (VIOLATED) 

   n142302                     32.00          32.01          -0.01  (VIOLATED) 
     PIN : U123463/Y           32.00          32.01          -0.01  (VIOLATED) 

   ZBUF_196_3461               16.00          16.01          -0.01  (VIOLATED) 
     PIN : ZBUF_196_inst_30625/Y
                               16.00          16.01          -0.01  (VIOLATED) 

   eco_net_1848_n139375        16.00          16.01          -0.01  (VIOLATED) 
     PIN : U_4_PTECO_DRC_BUF1851/Y
                               16.00          16.01          -0.01  (VIOLATED) 

   ZBUF_2230_3376              16.00          16.00          -0.00  (VIOLATED) 
     PIN : ZBUF_2230_inst_28763/Y
                               16.00          16.00          -0.00  (VIOLATED) 

   n107086                      8.00           8.00          -0.00  (VIOLATED) 
     PIN : U125419/Y            8.00           8.00          -0.00  (VIOLATED) 

   n103076                      8.00           8.00          -0.00  (VIOLATED) 
     PIN : U108927/Y            8.00           8.00          -0.00  (VIOLATED) 

   ZBUF_17_1855                16.00          16.00          -0.00  (VIOLATED) 
     PIN : ZBUF_17_inst_11159/Y
                               16.00          16.00          -0.00  (VIOLATED) 

  ---------------------------------------------------------------------------
   Number of max_capacitance violation(s): 269

   Total number of violation(s): 269
1
