****************************************
Report : app_option
Design : placement
Version: W-2024.09-SP2
Date   : Mon May 11 11:43:52 2026
****************************************
Name                                          Type       Value      User-value   User-default System-default Scope      Status     Source
--------------------------------------------- ---------- ---------- ------------ ------------ -------------- ---------- ---------- --------------------------------------------------------------------------------------
clock_opt.final_opto.final_clock_routing      bool       --         --           --           --             block      obsolete   --
clock_opt.flow.enable_ccd                     bool       false      false        --           true           block      normal     /DATA/home/edu135/MNIST/4_Backend_ICC2/0_Script/05_cts/run_cts_no_ccd_low_power.tcl:21
clock_opt.flow.enable_clock_power_recovery    string     auto       --           --           auto           block      normal     --
clock_opt.flow.enable_global_route_opt        bool       --         --           --           --             block      obsolete   --
clock_opt.flow.enable_irap                    bool       false      --           --           false          block      normal     --
clock_opt.flow.enable_irdrivenopt             bool       false      --           --           false          block      normal     --
clock_opt.flow.enable_multibit_banking        bool       false      --           --           false          block      normal     --
clock_opt.flow.enable_multibit_debanking      bool       false      --           --           false          block      normal     --
clock_opt.flow.enable_multibit_rewiring       bool       false      --           --           false          block      normal     --
clock_opt.flow.enable_power                   bool       false      false        --           true           block      normal     /DATA/home/edu135/MNIST/4_Backend_ICC2/0_Script/05_cts/run_cts_no_ccd_low_power.tcl:22
clock_opt.flow.enable_voltage_drop_aware      bool       false      --           --           false          block      normal     --
clock_opt.flow.extra_size_only                enum       false      --           --           false          block      normal     --
clock_opt.flow.optimize_layers                enum       false      --           --           false          block      deprecated --
clock_opt.flow.optimize_layers_critical_range float      0.0001     --           --           0.0001         block      deprecated --
clock_opt.flow.optimize_layers_overlap_bins   bool       false      --           --           false          block      deprecated --
clock_opt.flow.optimize_ndr                   bool       false      --           --           false          block      normal     --
clock_opt.flow.optimize_ndr_critical_range    float      0.5        --           --           0.5            block      normal     --
clock_opt.flow.optimize_ndr_max_nets          integer    2000       --           --           2000           block      normal     --
clock_opt.flow.repeatability                  bool       false      --           --           false          block      normal     --
clock_opt.flow.skip_placement                 bool       --         --           --           --             block      obsolete   --
clock_opt.hold.effort                         enum       --         --           --           --             block      obsolete   --
clock_opt.place.congestion_effort             enum       medium     --           --           medium         block      normal     --
clock_opt.place.effort                        enum       medium     --           --           medium         block      normal     --
dpx.clock_opt.distribution_effort_level       enum       ultra      --           --           ultra          global     normal     --
dpx.clock_opt.high_capacity_workers           enum       ultra      --           --           ultra          global     normal     --
--------------------------------------------- ---------- ---------- ------------ ------------ -------------- ---------- ---------- --------------------------------------------------------------------------------------

There are additional internal differences.
1
