****************************************
Report : clock timing
        -type latency
        -launch
        -nworst 20
        -hold
Design : nn_top
Version: W-2024.09-SP2
Date   : Tue May 12 20:44:36 2026
****************************************

  Mode: default
  Clock: clk

                                                 --- Latency ---
  Clock Pin                             Trans   Source   Offset  Network    Total            Corner
---------------------------------------------------------------------------------------------------
  u_input_fifo/fifo_buf_reg[312][4]/CLK
                                         0.03     0.00       --     0.12     0.12 rp-+      default
  u_input_fifo/fifo_buf_reg[376][4]/CLK
                                         0.03     0.00       --     0.12     0.12 rp-+      default
  u_input_fifo/fifo_buf_reg[312][11]/CLK
                                         0.03     0.00       --     0.12     0.12 rp-+      default
  u_input_fifo/fifo_buf_reg[328][2]/CLK
                                         0.03     0.00       --     0.12     0.12 rp-+      default
  u_input_fifo/fifo_buf_reg[264][2]/CLK
                                         0.03     0.00       --     0.12     0.12 rp-+      default
  u_input_fifo/fifo_buf_reg[312][9]/CLK
                                         0.03     0.00       --     0.12     0.12 rp-+      default
  u_input_fifo/fifo_buf_reg[312][6]/CLK
                                         0.03     0.00       --     0.12     0.12 rp-+      default
  u_input_fifo/fifo_buf_reg[312][15]/CLK
                                         0.03     0.00       --     0.12     0.12 rp-+      default
  u_input_fifo/fifo_buf_reg[376][14]/CLK
                                         0.03     0.00       --     0.12     0.12 rp-+      default
  u_input_fifo/fifo_buf_reg[376][15]/CLK
                                         0.03     0.00       --     0.12     0.12 rp-+      default
  u_input_fifo/fifo_buf_reg[376][1]/CLK
                                         0.03     0.00       --     0.12     0.12 rp-+      default
  u_input_fifo/fifo_buf_reg[313][11]/CLK
                                         0.03     0.00       --     0.12     0.12 rp-+      default
  u_input_fifo/fifo_buf_reg[312][8]/CLK
                                         0.03     0.00       --     0.12     0.12 rp-+      default
  u_input_fifo/fifo_buf_reg[376][6]/CLK
                                         0.03     0.00       --     0.12     0.12 rp-+      default
  u_input_fifo/fifo_buf_reg[313][8]/CLK
                                         0.03     0.00       --     0.12     0.12 rp-+      default
  u_input_fifo/fifo_buf_reg[313][13]/CLK
                                         0.03     0.00       --     0.12     0.12 rp-+      default
  u_input_fifo/fifo_buf_reg[312][13]/CLK
                                         0.03     0.00       --     0.13     0.13 rp-+      default
  u_input_fifo/fifo_buf_reg[312][2]/CLK
                                         0.03     0.00       --     0.13     0.13 rp-+      default
  u_input_fifo/fifo_buf_reg[376][11]/CLK
                                         0.03     0.00       --     0.13     0.13 rp-+      default
  u_input_fifo/fifo_buf_reg[376][13]/CLK
                                         0.03     0.00       --     0.13     0.13 rp-+      default
---------------------------------------------------------------------------------------------------
1
